     1                                  bits 32 ; assembling for the 32 bits architecture
     2                                  
     3                                  ; declare the EntryPoint (a label defining the very first instruction of the program)
     4                                  global start        
     5                                  
     6                                  ; declare external functions needed by our program
     7                                  extern exit               ; tell nasm that exit exists even if we won't be defining it
     8                                  import exit msvcrt.dll    ; exit is a function that ends the calling process. It is defined in msvcrt.dll
     9                                                            ; msvcrt.dll contains exit, printf and all the other important C-runtime specific functions
    10                                  
    11                                  ; our data is declared here (the variables needed by our program)
    12                                  segment data use32 class=data
    13 00000000 0F                          a DB 15
    14 00000001 0A                          b DB 10
    15 00000002 0A                          c DB 10
    16 00000003 1400                        d DW 20
    17                                      ; ...
    18                                      ;d/[(a+b)-(c+c)] 
    19                                  ; our code starts here
    20                                  segment code use32 class=code
    21                                      start:
    22 00000000 66A1[03000000]                  mov ax,[d]
    23 00000006 8A1D[00000000]                  mov bl,[a]
    24 0000000C 021D[01000000]                  add bl,[b];a+b
    25 00000012 8A3D[02000000]                  mov bh,[c]
    26 00000018 023D[02000000]                  add bh,[c]
    27 0000001E 28FB                            sub bl,bh ;((a+b) - (c+c))
    28 00000020 F6F3                            div bl
    29                                          ; ...
    30                                      
    31                                          ; exit(0)
    32 00000022 6A00                            push    dword 0      ; push the parameter for exit onto the stack
    33 00000024 FF15[00000000]                  call    [exit]       ; call exit to terminate the program
