     1                                      bits 32 ; assembling for the 32 bits architecture
     2                                  
     3                                  ; declare the EntryPoint (a label defining the very first instruction of the program)
     4                                  global start        
     5                                  
     6                                  ; declare external functions needed by our program
     7                                  extern exit               ; tell nasm that exit exists even if we won't be defining it
     8                                  import exit msvcrt.dll    ; exit is a function that ends the calling process. It is defined in msvcrt.dll
     9                                                            ; msvcrt.dll contains exit, printf and all the other important C-runtime specific functions
    10                                  
    11                                  ; our data is declared here (the variables needed by our program)
    12                                  segment data use32 class=data
    13                                      ; ...
    14 00000000 0F                          a DB 15
    15 00000001 0A                          b DB 10
    16 00000002 0F                          c DB 15
    17 00000003 1400                        d DW 20
    18                                      ;a*[b+c+d/b]+d 
    19                                  ; our code starts here
    20                                  segment code use32 class=code
    21                                      start:
    22                                          ; ...
    23                                          
    24                                          ; exit(0)
    25 00000000 66A1[03000000]                  mov ax,[d]
    26 00000006 F635[01000000]                  div BYTE [b]
    27 0000000C 0205[01000000]                  add al,[b]
    28 00000012 0205[02000000]                  add al,[c]
    29 00000018 F625[00000000]                  mul byte [a]
    30 0000001E 660305[03000000]                add ax, [d]
    31 00000025 6A00                            push    dword 0      ; push the parameter for exit onto the stack
    32 00000027 FF15[00000000]                  call    [exit]       ; call exit to terminate the program
