     1                                  ; Ne propunem ca programul de mai jos sa citeasca de la tastatura un numar si sa afiseze pe ecran valoarea numarului citit impreuna cu un mesaj.
     2                                  bits 32
     3                                  global start        
     4                                  
     5                                  ; declararea functiilor externe folosite de program
     6                                  extern exit, printf, scanf  ; adaugam printf si scanf ca functii externe           
     7                                  import exit msvcrt.dll     
     8                                  import printf msvcrt.dll     ; indicam asamblorului ca functia printf se gaseste in libraria msvcrt.dll
     9                                  import scanf msvcrt.dll      ; similar pentru scanf
    10                                                            
    11                                  segment  data use32 class=data
    12 00000000 00000000                	a dd 0;exitindem la DWORD ca sa nu dea overflow       ; in aceasta variabila se va stoca valoarea citita de la tastatura
    13 00000004 414649534152452050-         msg2 db "AFISARE PROGRAM!",0
    13 0000000D 524F4752414D2100   
    14 00000015 0A0D4E7220696E7472-         pozitiv db 10,13,"Nr introdus nu este negativ!",0
    14 0000001E 6F647573206E752065-
    14 00000027 737465206E65676174-
    14 00000030 69762100           
    15 00000034 0A0D413D2564202862-         message  db 10, 13,"A=%d (baza 10), a=%x (baza_16)",0
    15 0000003D 617A61203130292C20-
    15 00000046 613D2578202862617A-
    15 0000004F 615F31362900       
    16 00000055 256900                  	format  db "%i", 0  ; %d <=> un numar decimal (baza 10)
    17                                      
    18                                  segment  code use32 class=code
    19                                      start:
    20                                                                                 
    21                                          ; vom apela scanf(format, n) => se va citi un numar in variabila n
    22                                          ; punem parametrii pe stiva de la dreapta la stanga
    23                                          ;Se da un numar natural negativ a (a: dword). Sa se afiseze valoarea lui in baza 10 si in baza 16,
    24                                          ;in urmatorul format: "a = <base_10> (baza 10), a = <base_16> (baza 16)" 
    25 00000000 68[00000000]                    push dword a
    26 00000005 68[55000000]                    push  dword format
    27 0000000A FF15[00000000]                  call  [scanf]       ; apelam functia scanf pentru citire
    28 00000010 83C408                          add  esp, 4 * 2
    29                                          ; eliberam parametrii de pe stiva; 4 = dimensiunea unui dword; 2 = nr de parametri
    30 00000013 68[04000000]                    push dword msg2 ; afisam mesajul AFISARE PROGRAM
    31 00000018 FF15[00000000]                  call [printf]
    32 0000001E 83C404                          add esp, 4*1
    33                                          
    34 00000021 A1[00000000]                    mov eax, [a] ; VERICAM DACA NR INTRODUS ESTE NEGATIV
    35 00000026 83F800                          cmp eax, 0
    36 00000029 7D1D                            jge invalid 
    37                                          negativ:
    38 0000002B A1[00000000]                        mov  eax,[a]   
    39                                  
    40 00000030 50                                  push  eax
    41 00000031 50                                  push eax
    42 00000032 68[34000000]                        push  dword message 
    43 00000037 FF15[00000000]                      call  [printf]
    44 0000003D 83C408                              add  esp,4*2 
    45                                          
    46                                          final:
    47                                          ; exit(0)
    48 00000040 6A00                                push  dword 0     ; punem pe stiva parametrul pentru exit
    49 00000042 FF15[00000000]                      call  [exit]       ; apelam exit pentru a incheia programul
    50                                       
    51                                          invalid :
    52 00000048 68[15000000]                        push dword pozitiv
    53 0000004D FF15[00000000]                      call [printf]
    54 00000053 83C404                              add esp, 4*1
    55 00000056 EBE8                                jmp final
    56                                              
